I0822 13:31:19.921160  3843 master_component.cc:1455] NormalizeModelArgs: pwt_target_name=pwt, nwt_source_name=nwt, rwt_source_name=rwt
I0822 13:31:19.921190  3843 master_component.cc:1005] MasterComponent: start normalizing model nwt
I0822 13:31:19.947568  3843 master_component.cc:1033] MasterComponent: complete normalizing model nwt
I0822 13:31:19.961419  3843 master_component.cc:1479] DisposeModel rwt
I0822 13:31:19.965411  3843 master_component.cc:1058] FitOffline: ItemsProcessed, num_items=476, num_batches=5, token_weight=160411, token_weight_in_effect=160411
I0822 13:31:19.965580  3843 c_interface.cc:389] Pass FitOfflineMasterModelArgs, batch_filename_size=5, batch_weight_size=5, num_collection_passes=1, reset_nwt=yes to MN4artm4core15MasterComponentEFvRKNS_25FitOfflineMasterModelArgsEE
I0822 13:31:19.965596  3843 master_component.cc:1404] ProcessBatchesArgs: nwt_target_name=nwt, batch_filename_size=5, batch_size=0, batch_weight_size=5, pwt_source_name=pwt, num_document_passes=1, regularizer=(name:SparsePhi, tau:-50000), reuse_theta=yes, opt_for_avx=yes, predict_class_id=, reset_nwt=yes
I0822 13:31:19.970247  3887 processor.cc:81] Processing queue has data, processing started
I0822 13:31:19.970574  3888 processor.cc:81] Processing queue has data, processing started
I0822 13:31:19.971297  3891 processor.cc:81] Processing queue has data, processing started
I0822 13:31:19.972120  3889 processor.cc:81] Processing queue has data, processing started
I0822 13:31:19.972612  3884 processor.cc:81] Processing queue has data, processing started
I0822 13:31:19.973157  3887 processor.cc:158] Processor: start processing batch 9792cefc-7c0e-4187-abc4-0bbf4c96fd64 into model nwt
I0822 13:31:19.973911  3888 processor.cc:158] Processor: start processing batch 0c3cc344-da6b-4b93-8c17-6c046df7dac8 into model nwt
I0822 13:31:19.974840  3889 processor.cc:158] Processor: start processing batch 09c0d1d8-1f96-483b-92c9-54828a2b2b5c into model nwt
I0822 13:31:19.975189  3891 processor.cc:158] Processor: start processing batch 6fa47273-92cc-4a2a-bca4-2a904d222a29 into model nwt
I0822 13:31:19.977288  3884 processor.cc:158] Processor: start processing batch ecb7e3ba-b69f-4475-8880-32a4ab15255e into model nwt
I0822 13:31:20.012017  3888 processor.cc:292] Processor: complete processing batch 0c3cc344-da6b-4b93-8c17-6c046df7dac8 into model nwt
I0822 13:31:20.012666  3888 cuckoo_watch.h:45] 42ms in ProcessBatch(school_batches/aaaaae.batch) [including 3ms in LoadMessage; 0ms in FindReuseThetaCacheEntry; 0ms in InitializeTheta; 0ms in CreateRegularizerAgents; 1ms in InitializeSparseNdw; 12ms in InferThetaAndUpdateNwtSparse; 0ms in UpdateCacheEntry; 14ms in CalculateScore(PerplexityScore); 1ms in CalculateScore(SparsityThetaScore); 8ms in CalculateScore(^^^ItemsProcessedScore^^^); ]
I0822 13:31:20.016036  3887 processor.cc:292] Processor: complete processing batch 9792cefc-7c0e-4187-abc4-0bbf4c96fd64 into model nwt
I0822 13:31:20.016649  3887 cuckoo_watch.h:45] 46ms in ProcessBatch(school_batches/aaaaab.batch) [including 2ms in LoadMessage; 0ms in FindReuseThetaCacheEntry; 0ms in InitializeTheta; 0ms in CreateRegularizerAgents; 1ms in InitializeSparseNdw; 13ms in InferThetaAndUpdateNwtSparse; 0ms in UpdateCacheEntry; 17ms in CalculateScore(PerplexityScore); 1ms in CalculateScore(SparsityThetaScore); 9ms in CalculateScore(^^^ItemsProcessedScore^^^); ]
I0822 13:31:20.016786  3889 processor.cc:292] Processor: complete processing batch 09c0d1d8-1f96-483b-92c9-54828a2b2b5c into model nwt
I0822 13:31:20.017438  3889 cuckoo_watch.h:45] 45ms in ProcessBatch(school_batches/aaaaaa.batch) [including 2ms in LoadMessage; 0ms in FindReuseThetaCacheEntry; 0ms in InitializeTheta; 0ms in CreateRegularizerAgents; 1ms in InitializeSparseNdw; 12ms in InferThetaAndUpdateNwtSparse; 0ms in UpdateCacheEntry; 17ms in CalculateScore(PerplexityScore); 1ms in CalculateScore(SparsityThetaScore); 8ms in CalculateScore(^^^ItemsProcessedScore^^^); ]
I0822 13:31:20.033426  3888 processor.cc:74] No data in processing queue, waiting...
I0822 13:31:20.035246  3891 processor.cc:292] Processor: complete processing batch 6fa47273-92cc-4a2a-bca4-2a904d222a29 into model nwt
I0822 13:31:20.035948  3891 cuckoo_watch.h:45] 64ms in ProcessBatch(school_batches/aaaaac.batch) [including 3ms in LoadMessage; 0ms in FindReuseThetaCacheEntry; 0ms in InitializeTheta; 0ms in CreateRegularizerAgents; 2ms in InitializeSparseNdw; 18ms in InferThetaAndUpdateNwtSparse; 0ms in UpdateCacheEntry; 24ms in CalculateScore(PerplexityScore); 2ms in CalculateScore(SparsityThetaScore); 11ms in CalculateScore(^^^ItemsProcessedScore^^^); ]
I0822 13:31:20.036353  3884 processor.cc:292] Processor: complete processing batch ecb7e3ba-b69f-4475-8880-32a4ab15255e into model nwt
I0822 13:31:20.036877  3884 cuckoo_watch.h:45] 64ms in ProcessBatch(school_batches/aaaaad.batch) [including 4ms in LoadMessage; 0ms in FindReuseThetaCacheEntry; 0ms in InitializeTheta; 0ms in CreateRegularizerAgents; 2ms in InitializeSparseNdw; 18ms in InferThetaAndUpdateNwtSparse; 0ms in UpdateCacheEntry; 24ms in CalculateScore(PerplexityScore); 2ms in CalculateScore(SparsityThetaScore); 11ms in CalculateScore(^^^ItemsProcessedScore^^^); ]
I0822 13:31:20.037348  3887 processor.cc:74] No data in processing queue, waiting...
I0822 13:31:20.037865  3843 master_component.cc:1442] RegularizeModelArgs: rwt_target_name=rwt, pwt_source_name=pwt, nwt_source_name=nwt
I0822 13:31:20.037901  3843 master_component.cc:975] MasterComponent: start regularizing model pwt
I0822 13:31:20.038236  3889 processor.cc:74] No data in processing queue, waiting...
I0822 13:31:20.056532  3891 processor.cc:74] No data in processing queue, waiting...
I0822 13:31:20.057612  3884 processor.cc:74] No data in processing queue, waiting...
I0822 13:31:20.078166  3843 master_component.cc:1001] MasterComponent: complete regularizing model pwt
I0822 13:31:20.078182  3843 master_component.cc:1455] NormalizeModelArgs: pwt_target_name=pwt, nwt_source_name=nwt, rwt_source_name=rwt
I0822 13:31:20.078191  3843 master_component.cc:1005] MasterComponent: start normalizing model nwt
I0822 13:31:20.103787  3843 master_component.cc:1033] MasterComponent: complete normalizing model nwt
I0822 13:31:20.118119  3843 master_component.cc:1479] DisposeModel rwt
I0822 13:31:20.122006  3843 master_component.cc:1058] FitOffline: ItemsProcessed, num_items=476, num_batches=5, token_weight=160411, token_weight_in_effect=160411
I0822 13:31:20.122179  3843 c_interface.cc:389] Pass FitOfflineMasterModelArgs, batch_filename_size=5, batch_weight_size=5, num_collection_passes=1, reset_nwt=yes to MN4artm4core15MasterComponentEFvRKNS_25FitOfflineMasterModelArgsEE
I0822 13:31:20.122193  3843 master_component.cc:1404] ProcessBatchesArgs: nwt_target_name=nwt, batch_filename_size=5, batch_size=0, batch_weight_size=5, pwt_source_name=pwt, num_document_passes=1, regularizer=(name:SparsePhi, tau:-50000), reuse_theta=yes, opt_for_avx=yes, predict_class_id=, reset_nwt=yes
I0822 13:31:20.126876  3888 processor.cc:81] Processing queue has data, processing started
I0822 13:31:20.127468  3884 processor.cc:81] Processing queue has data, processing started
I0822 13:31:20.128103  3891 processor.cc:81] Processing queue has data, processing started
I0822 13:31:20.128578  3889 processor.cc:81] Processing queue has data, processing started
I0822 13:31:20.129778  3885 processor.cc:81] Processing queue has data, processing started
I0822 13:31:20.129782  3884 processor.cc:158] Processor: start processing batch 0c3cc344-da6b-4b93-8c17-6c046df7dac8 into model nwt
I0822 13:31:20.130429  3888 processor.cc:158] Processor: start processing batch 9792cefc-7c0e-4187-abc4-0bbf4c96fd64 into model nwt
I0822 13:31:20.132441  3885 processor.cc:158] Processor: start processing batch ecb7e3ba-b69f-4475-8880-32a4ab15255e into model nwt
I0822 13:31:20.132516  3891 processor.cc:158] Processor: start processing batch 6fa47273-92cc-4a2a-bca4-2a904d222a29 into model nwt
I0822 13:31:20.133216  3889 processor.cc:158] Processor: start processing batch 09c0d1d8-1f96-483b-92c9-54828a2b2b5c into model nwt
I0822 13:31:20.168392  3884 processor.cc:292] Processor: complete processing batch 0c3cc344-da6b-4b93-8c17-6c046df7dac8 into model nwt
I0822 13:31:20.169035  3884 cuckoo_watch.h:45] 41ms in ProcessBatch(school_batches/aaaaae.batch) [including 2ms in LoadMessage; 0ms in FindReuseThetaCacheEntry; 0ms in InitializeTheta; 0ms in CreateRegularizerAgents; 1ms in InitializeSparseNdw; 12ms in InferThetaAndUpdateNwtSparse; 0ms in UpdateCacheEntry; 15ms in CalculateScore(PerplexityScore); 1ms in CalculateScore(SparsityThetaScore); 8ms in CalculateScore(^^^ItemsProcessedScore^^^); ]
I0822 13:31:20.172049  3888 processor.cc:292] Processor: complete processing batch 9792cefc-7c0e-4187-abc4-0bbf4c96fd64 into model nwt
I0822 13:31:20.172698  3888 cuckoo_watch.h:45] 45ms in ProcessBatch(school_batches/aaaaab.batch) [including 3ms in LoadMessage; 0ms in FindReuseThetaCacheEntry; 0ms in InitializeTheta; 0ms in CreateRegularizerAgents; 1ms in InitializeSparseNdw; 12ms in InferThetaAndUpdateNwtSparse; 0ms in UpdateCacheEntry; 16ms in CalculateScore(PerplexityScore); 1ms in CalculateScore(SparsityThetaScore); 8ms in CalculateScore(^^^ItemsProcessedScore^^^); ]
I0822 13:31:20.173920  3885 processor.cc:292] Processor: complete processing batch ecb7e3ba-b69f-4475-8880-32a4ab15255e into model nwt
I0822 13:31:20.174559  3885 cuckoo_watch.h:45] 44ms in ProcessBatch(school_batches/aaaaad.batch) [including 2ms in LoadMessage; 0ms in FindReuseThetaCacheEntry; 0ms in InitializeTheta; 0ms in CreateRegularizerAgents; 1ms in InitializeSparseNdw; 13ms in InferThetaAndUpdateNwtSparse; 0ms in UpdateCacheEntry; 16ms in CalculateScore(PerplexityScore); 1ms in CalculateScore(SparsityThetaScore); 8ms in CalculateScore(^^^ItemsProcessedScore^^^); ]
I0822 13:31:20.189481  3884 processor.cc:74] No data in processing queue, waiting...
I0822 13:31:20.192920  3891 processor.cc:292] Processor: complete processing batch 6fa47273-92cc-4a2a-bca4-2a904d222a29 into model nwt
I0822 13:31:20.193120  3889 processor.cc:292] Processor: complete processing batch 09c0d1d8-1f96-483b-92c9-54828a2b2b5c into model nwt
I0822 13:31:20.193223  3888 processor.cc:74] No data in processing queue, waiting...
I0822 13:31:20.193785  3891 cuckoo_watch.h:45] 65ms in ProcessBatch(school_batches/aaaaac.batch) [including 4ms in LoadMessage; 0ms in FindReuseThetaCacheEntry; 0ms in InitializeTheta; 0ms in CreateRegularizerAgents; 2ms in InitializeSparseNdw; 18ms in InferThetaAndUpdateNwtSparse; 0ms in UpdateCacheEntry; 24ms in CalculateScore(PerplexityScore); 2ms in CalculateScore(SparsityThetaScore); 12ms in CalculateScore(^^^ItemsProcessedScore^^^); ]
I0822 13:31:20.193979  3889 cuckoo_watch.h:45] 65ms in ProcessBatch(school_batches/aaaaaa.batch) [including 4ms in LoadMessage; 0ms in FindReuseThetaCacheEntry; 0ms in InitializeTheta; 0ms in CreateRegularizerAgents; 2ms in InitializeSparseNdw; 18ms in InferThetaAndUpdateNwtSparse; 0ms in UpdateCacheEntry; 24ms in CalculateScore(PerplexityScore); 2ms in CalculateScore(SparsityThetaScore); 12ms in CalculateScore(^^^ItemsProcessedScore^^^); ]
I0822 13:31:20.194331  3843 master_component.cc:1442] RegularizeModelArgs: rwt_target_name=rwt, pwt_source_name=pwt, nwt_source_name=nwt
I0822 13:31:20.194350  3843 master_component.cc:975] MasterComponent: start regularizing model pwt
I0822 13:31:20.195263  3885 processor.cc:74] No data in processing queue, waiting...
I0822 13:31:20.214025  3889 processor.cc:74] No data in processing queue, waiting...
I0822 13:31:20.214552  3891 processor.cc:74] No data in processing queue, waiting...
I0822 13:31:20.235553  3843 master_component.cc:1001] MasterComponent: complete regularizing model pwt
I0822 13:31:20.235571  3843 master_component.cc:1455] NormalizeModelArgs: pwt_target_name=pwt, nwt_source_name=nwt, rwt_source_name=rwt
I0822 13:31:20.235581  3843 master_component.cc:1005] MasterComponent: start normalizing model nwt
I0822 13:31:20.263376  3843 master_component.cc:1033] MasterComponent: complete normalizing model nwt
I0822 13:31:20.277837  3843 master_component.cc:1479] DisposeModel rwt
I0822 13:31:20.281852  3843 master_component.cc:1058] FitOffline: ItemsProcessed, num_items=476, num_batches=5, token_weight=160411, token_weight_in_effect=160411
I0822 13:31:20.291021  3843 c_interface.cc:231] ArtmCopyRequestedMessage is copying 246183 bytes...
I0822 13:31:22.559715  3843 c_interface.cc:231] ArtmCopyRequestedMessage is copying 246183 bytes...
I0822 13:31:22.585641  3843 c_interface.cc:231] ArtmCopyRequestedMessage is copying 246183 bytes...
I0822 13:31:22.604781  3843 c_interface.cc:231] ArtmCopyRequestedMessage is copying 246183 bytes...
I0822 13:31:22.622678  3843 c_interface.cc:231] ArtmCopyRequestedMessage is copying 246183 bytes...
I0822 13:31:22.639201  3843 c_interface.cc:231] ArtmCopyRequestedMessage is copying 246183 bytes...
I0822 13:31:22.654886  3843 c_interface.cc:231] ArtmCopyRequestedMessage is copying 246183 bytes...
I0822 13:31:27.055438  3843 c_interface.cc:231] ArtmCopyRequestedMessage is copying 2540 bytes...
I0822 13:31:27.058560  3843 c_interface.cc:231] ArtmCopyRequestedMessage is copying 2562 bytes...
I0822 13:32:41.204854  3843 master_component.cc:389] Exporting model pwt to my_model
I0822 13:32:41.213335  3843 phi_matrix_operations.cc:81] RetrieveExternalTopicModel() with 10 topics, 16099 tokens
I0822 13:32:41.230593  3843 master_component.cc:427] Export of model completed, token_size = 16099, topic_size = 10
I0822 13:32:41.518710  3843 master_component.cc:444] Importing model pwt from my_model
I0822 13:32:41.572374  3843 master_component.cc:488] Import of model completed, token_size = 16099, topic_size = 10
I0822 13:32:41.572535  3843 c_interface.cc:231] ArtmCopyRequestedMessage is copying 334 bytes...
I0822 13:33:00.702775  3843 phi_matrix_operations.cc:81] RetrieveExternalTopicModel() with 10 topics, 16099 tokens
I0822 13:33:00.728350  3843 c_interface.cc:231] ArtmCopyRequestedMessage is copying 477630 bytes...
I0822 13:33:00.745308  3843 phi_matrix_operations.cc:81] RetrieveExternalTopicModel() with 10 topics, 16099 tokens
I0822 13:33:00.757313  3843 c_interface.cc:231] ArtmCopyRequestedMessage is copying 413234 bytes...
I0822 13:33:00.768976  3843 c_interface.cc:236] ArtmCopyRequestedObject is copying 643960 bytes...
I0822 13:33:45.706096  3843 c_interface.cc:231] ArtmCopyRequestedMessage is copying 4218 bytes...
W0822 13:33:45.707675  3843 check_messages.h:1121] Inconsistent fields size in ThetaMatrix: 476 vs 0 vs 476 vs 0;
I0822 13:33:45.707995  3843 c_interface.cc:231] ArtmCopyRequestedMessage is copying 2314 bytes...
I0822 13:33:45.708325  3843 c_interface.cc:236] ArtmCopyRequestedObject is copying 19040 bytes...
I0822 18:53:54.038646  3843 c_interface.cc:375] Pass dictionary to MN4artm4core15MasterComponentEFvRKNSt7__cxx1112basic_stringIcSt11char_traitsIcESaIcEEEE
I0822 18:53:54.041115  3843 c_interface.cc:339] Disposing MasterComponent (id=4)...
I0822 18:53:54.104377  3884 processor.cc:66] Processor thread stopped
I0822 18:53:54.104400  3884 processor.cc:67] Total number of processed batches: 54
I0822 18:53:54.104547  3885 processor.cc:66] Processor thread stopped
I0822 18:53:54.104562  3885 processor.cc:67] Total number of processed batches: 41
I0822 18:53:54.105267  3886 processor.cc:66] Processor thread stopped
I0822 18:53:54.105280  3886 processor.cc:67] Total number of processed batches: 36
I0822 18:53:54.106350  3887 processor.cc:66] Processor thread stopped
I0822 18:53:54.106364  3887 processor.cc:67] Total number of processed batches: 44
I0822 18:53:54.106567  3888 processor.cc:66] Processor thread stopped
I0822 18:53:54.106580  3888 processor.cc:67] Total number of processed batches: 41
I0822 18:53:54.107458  3889 processor.cc:66] Processor thread stopped
I0822 18:53:54.107470  3889 processor.cc:67] Total number of processed batches: 44
I0822 18:53:54.108335  3890 processor.cc:66] Processor thread stopped
I0822 18:53:54.108350  3890 processor.cc:67] Total number of processed batches: 40
I0822 18:53:54.108515  3891 processor.cc:66] Processor thread stopped
I0822 18:53:54.108528  3891 processor.cc:67] Total number of processed batches: 50
